IBM ILOG CPLEX Optimization Studio Community Edition.  The CPLEX Optimizers will solve problems up to 1000 variables and 1000 constraints.
Problem size limit exceeded.
CP Optimizer Community Edition solves problems with search spaces up to 2^1000.
Unrestricted version options (including academia) at https://ibm.biz/error1016


<<< setup


<<< generate

Version identifier: 22.2.0.0 | 2026-05-04 | 5dff98e58
Tried aggregator 2 times.
MIP Presolve eliminated 31 rows and 7 columns.
Aggregator did 1 substitutions.
Reduced MIP has 15 rows, 22 columns, and 75 nonzeros.
Reduced MIP has 20 binaries, 2 generals, 0 SOSs, and 0 indicators.
Presolve time = 0.00 sec. (0.07 ticks)
Found incumbent of value 6.000000 after 0.01 sec. (0.10 ticks)
Probing fixed 0 vars, tightened 1 bounds.
Probing time = 0.00 sec. (0.01 ticks)
Cover probing fixed 0 vars, tightened 1 bounds.
Tried aggregator 1 time.
Detecting symmetries...
Reduced MIP has 15 rows, 22 columns, and 75 nonzeros.
Reduced MIP has 20 binaries, 2 generals, 0 SOSs, and 0 indicators.
Presolve time = 0.00 sec. (0.05 ticks)
Probing time = 0.00 sec. (0.01 ticks)
Clique table members: 6.
MIP emphasis: balance optimality and feasibility.
MIP search method: dynamic search.
Parallel mode: deterministic, using up to 8 threads.
Root relaxation solution time = 0.00 sec. (0.03 ticks)

        Nodes                                         Cuts/
   Node  Left     Objective  IInf  Best Integer    Best Bound    ItCnt     Gap

*     0+    0                            6.0000       -3.0000           150.00%
*     0+    0                            4.0000       -3.0000           175.00%
      0     0        0.0000     8        4.0000        0.0000        9  100.00%
*     0+    0                            1.0000        0.0000           100.00%
      0     0        cutoff              1.0000                     13    0.00%
Elapsed time = 0.07 sec. (0.39 ticks, tree = 0.01 MB, solutions = 3)

Lift and project cuts applied:  1
Gomory fractional cuts applied:  1

Root node processing (before b&c):
  Real time             =    0.07 sec. (0.39 ticks)
Parallel b&c, 8 threads:
  Real time             =    0.00 sec. (0.00 ticks)
  Sync time (average)   =    0.00 sec.
  Wait time (average)   =    0.00 sec.
                          ------------
Total (root+branch&cut) =    0.07 sec. (0.39 ticks)

<<< solve


OBJECTIVE: 1
Schedule:
Mon: Alice, Bob
Tue: Alice, Carol
Wed: Alice, Bob
Thu: Bob, David
Fri: Alice, Carol, David
Sat: Bob, David
Sun: Carol

Workloads:
Alice: 4
Bob: 4
Carol: 3
David: 3

Fairness spread: 1

<<< post process


<<< done

